d:\projets\qrcodegenerator\qrcodegenerator\x64\debug\vc143.pdb
d:\projets\qrcodegenerator\qrcodegenerator\x64\debug\vc143.idb
d:\projets\qrcodegenerator\qrcodegenerator\x64\debug\qrcodeversionpattern.obj
d:\projets\qrcodegenerator\qrcodegenerator\x64\debug\qrcodetimingpattern.obj
d:\projets\qrcodegenerator\qrcodegenerator\x64\debug\qrcodepositionspattern.obj
d:\projets\qrcodegenerator\qrcodegenerator\x64\debug\qrcodepngfile.obj
d:\projets\qrcodegenerator\qrcodegenerator\x64\debug\qrcodeformatpattern.obj
d:\projets\qrcodegenerator\qrcodegenerator\x64\debug\qrcodebchcode.obj
d:\projets\qrcodegenerator\qrcodegenerator\x64\debug\qrcodealigningpattern.obj
d:\projets\qrcodegenerator\qrcodegenerator\x64\debug\main.obj
d:\projets\qrcodegenerator\x64\debug\qrcodegenerator.exe
d:\projets\qrcodegenerator\x64\debug\qrcodegenerator.pdb
d:\projets\qrcodegenerator\qrcodegenerator\x64\debug\qrcodegenerator.ilk
d:\projets\qrcodegenerator\qrcodegenerator\x64\debug\qrcodegenerator.tlog\cl.command.1.tlog
d:\projets\qrcodegenerator\qrcodegenerator\x64\debug\qrcodegenerator.tlog\cl.items.tlog
d:\projets\qrcodegenerator\qrcodegenerator\x64\debug\qrcodegenerator.tlog\cl.read.1.tlog
d:\projets\qrcodegenerator\qrcodegenerator\x64\debug\qrcodegenerator.tlog\cl.write.1.tlog
d:\projets\qrcodegenerator\qrcodegenerator\x64\debug\qrcodegenerator.tlog\link.command.1.tlog
d:\projets\qrcodegenerator\qrcodegenerator\x64\debug\qrcodegenerator.tlog\link.read.1.tlog
d:\projets\qrcodegenerator\qrcodegenerator\x64\debug\qrcodegenerator.tlog\link.secondary.1.tlog
d:\projets\qrcodegenerator\qrcodegenerator\x64\debug\qrcodegenerator.tlog\link.write.1.tlog
